[2026-09-03 18:54:43] === Hildvision Export & Deploy gestartet ===
[2026-09-03 18:54:43] ✅ SSH-Schlüssel gefunden: /sessions/rcw-0179c4wmrckyyt3aexbcp2zm/mnt/hildvision/synology
[2026-09-03 18:54:43] 📁 Erstelle Temp-Verzeichnis...
[2026-09-03 18:54:43] 🔄 Starte WordPress Export auf Synology...
[2026-09-03 18:54:43] ❌ FEHLER: Script abgebrochen
[2026-09-03 21:04:38] === Hildvision Export & Deploy gestartet ===
[2026-09-03 21:04:38] ✅ SSH-Schlüssel gefunden: /Users/phili-home/hildvision/synology
[2026-09-03 21:04:38] 📁 Erstelle Temp-Verzeichnis...
[2026-09-03 21:04:38] 🔄 Starte WordPress Export auf Synology...
[2026-09-03 21:04:53] ✅ WordPress Export auf Synology erfolgreich
[2026-09-03 21:04:53] 📥 Kopiere Dateien vom Synology...
[2026-09-03 21:04:53] ❌ FEHLER: Script abgebrochen
[2026-09-03 21:13:50] === Hildvision Export & Deploy gestartet ===
[2026-09-03 21:13:50] ✅ SSH-Schlüssel gefunden: /Users/phili-home/hildvision/synology
[2026-09-03 21:13:50] 📁 Erstelle Temp-Verzeichnis...
[2026-09-03 21:13:50] 🔄 Starte WordPress Export auf Synology...
[2026-09-03 21:14:05] ✅ WordPress Export auf Synology erfolgreich
[2026-09-03 21:14:05] 📥 Kopiere Dateien vom Synology (tar über SSH)...
[2026-09-03 21:14:05] ✅ Download erfolgreich
[2026-09-03 21:14:05] 📊 Heruntergeladene Dateien:       26
[2026-09-03 21:14:05] 🔧 Korrigiere Pfade...
[2026-09-03 21:14:06] ✅ Pfade korrigiert
[2026-09-03 21:14:06] 🔄 Sichere alte Dateien...
[2026-09-03 21:14:06] 📂 Verschiebe Dateien ins public/ Verzeichnis...
[2026-09-03 21:14:06] 🧹 Räume auf...
[2026-09-03 21:14:06] 📊 Dateien im public/ Verzeichnis:       26
[2026-09-03 21:14:06] 💾 Git: add, commit, push...
To https://github.com/comabo3762/hildvision.git
   4509c9e..9b73174  main -> main
[2026-09-03 21:14:08] ✅ Erfolgreich zu GitHub gepusht
[2026-09-03 21:14:08] 🧹 Bereinige Temp-Verzeichnis...
[2026-09-03 21:14:08] === ✅ Hildvision Export & Deploy erfolgreich abgeschlossen ===
[2026-09-03 22:22:36] === Hildvision Export & Deploy gestartet ===
[2026-09-03 22:22:36] ✅ SSH-Schlüssel gefunden: /Users/phili-home/hildvision/synology
[2026-09-03 22:22:36] 📁 Erstelle Temp-Verzeichnis...
[2026-09-03 22:22:36] 🔄 Starte WordPress Export auf Synology...
[2026-09-03 22:22:58] ✅ WordPress Export auf Synology erfolgreich
[2026-09-03 22:22:58] 📥 Kopiere Dateien vom Synology (tar über SSH)...
[2026-09-03 22:22:58] ✅ Download erfolgreich
[2026-09-03 22:22:58] 📊 Heruntergeladene Dateien:       40
[2026-09-03 22:22:58] 🔧 Korrigiere Pfade...
[2026-09-03 22:22:58] ✅ Pfade korrigiert
[2026-09-03 22:22:58] 🔄 Sichere alte Dateien...
[2026-09-03 22:22:58] 📂 Verschiebe Dateien ins public/ Verzeichnis...
[2026-09-03 22:22:58] 🧹 Räume auf...
[2026-09-03 22:22:58] 📊 Dateien im public/ Verzeichnis:       40
[2026-09-03 22:22:58] 💾 Git: add, commit, push...
